{
  "hist": {
    "\"x\"": 0.25,
    "\"y\"": 0.75
  }
}
