{
  "hist": {
    "[2,0]": 0.16,
    "[1,1]": 0.48,
    "[0,2]": 0.36
  }
}
